                    *
                             *
                                    *
                                      *
                                    *
                             *
                    *
           *
    *
  *
    *
           *
                    *
                             *
                                    *
                                      *
                                    *
                             *
                    *
           *
    *
  *
    *
           *
                    *
