LEDGER
-                                   
Opening balance              1250.00
Consulting fee                487.50
Refund                        -12.25
Supplies                     -899.00
Late fee                      -15.00
-                                   
Subtotal                      811.25
Interest                       60.84
Total                         872.09
Each of four                  218.02
Rounding left over              0.01
Interest / subtotal             0.07
